bd f9 b4 d 
10 bf 31 70 4f ab 5b 1f 

H e l l o   W o r l d !   -   a d v a n c e d   v e r s i o n   ( b y   A d o b e ) 